export const snapshot = {};

snapshot[`parseLevel 1`] = `
{
  "cpbChanges": [
    {
      "bar": 0,
      "beat": 0,
      "cpb": 8
    },
    {
      "bar": 17,
      "beat": 136,
      "cpb": 6
    },
    {
      "bar": 25,
      "beat": 184,
      "cpb": 8
    },
    {
      "bar": 73,
      "beat": 568,
      "cpb": 4
    },
    {
      "bar": 76,
      "beat": 580,
      "cpb": 8
    }
  ],
  "tempoChanges": [
    {
      "beat": 0,
      "time": 0,
      "beatLength": 0.368098
    },
    {
      "beat": 570,
      "time": 209.815951,
      "beatLength": 0.422535
    },
    {
      "beat": 572,
      "time": 210.661021,
      "beatLength": 0.461538
    },
    {
      "beat": 574,
      "time": 211.584098,
      "beatLength": 0.504202
    },
    {
      "beat": 576,
      "time": 212.592502,
      "beatLength": 0.550459
    },
    {
      "beat": 578,
      "time": 213.693419,
      "beatLength": 0.6
    },
    {
      "beat": 580,
      "time": 214.893419,
      "beatLength": 0.645161
    }
  ],
  "oneshotCues": [
    {
      "time": 25.030675,
      "type": "get",
      "source": "nurse"
    },
    {
      "time": 25.398773,
      "type": "set",
      "source": "nurse"
    },
    {
      "time": 25.766871,
      "type": "get",
      "source": "nurse"
    },
    {
      "time": 26.134969,
      "type": "set",
      "source": "nurse"
    },
    {
      "time": 26.503067,
      "type": "go",
      "source": "nurse"
    },
    {
      "time": 48.957055,
      "type": "get",
      "source": "nurse"
    },
    {
      "time": 49.693252,
      "type": "set",
      "source": "nurse"
    },
    {
      "time": 50.06135,
      "type": "go",
      "source": "nurse"
    },
    {
      "time": 66.257669,
      "type": "stop",
      "source": "nurse"
    },
    {
      "time": 101.595092,
      "type": "get",
      "source": "nurse"
    },
    {
      "time": 101.96319,
      "type": "set",
      "source": "nurse"
    },
    {
      "time": 102.331288,
      "type": "get",
      "source": "nurse"
    },
    {
      "time": 102.699387,
      "type": "set",
      "source": "nurse"
    },
    {
      "time": 103.067485,
      "type": 1,
      "source": "nurse"
    },
    {
      "time": 103.803681,
      "type": 1,
      "source": "nurse"
    },
    {
      "time": 104.539877,
      "type": 1,
      "source": "nurse"
    },
    {
      "time": 105.092025,
      "type": 2,
      "source": "nurse"
    },
    {
      "time": 106.01227,
      "type": 1,
      "source": "nurse"
    },
    {
      "time": 106.748466,
      "type": 1,
      "source": "nurse"
    },
    {
      "time": 107.300613,
      "type": 2,
      "source": "nurse"
    },
    {
      "time": 108.220859,
      "type": 1,
      "source": "nurse"
    },
    {
      "time": 108.957055,
      "type": 1,
      "source": "nurse"
    },
    {
      "time": 109.693252,
      "type": 1,
      "source": "nurse"
    },
    {
      "time": 110.429448,
      "type": 1,
      "source": "nurse"
    },
    {
      "time": 110.981595,
      "type": 2,
      "source": "nurse"
    },
    {
      "time": 111.90184,
      "type": 1,
      "source": "nurse"
    },
    {
      "time": 112.638037,
      "type": 1,
      "source": "nurse"
    },
    {
      "time": 113.190184,
      "type": 2,
      "source": "nurse"
    },
    {
      "time": 113.92638,
      "type": 2,
      "source": "nurse"
    },
    {
      "time": 114.846626,
      "type": 1,
      "source": "nurse"
    },
    {
      "time": 115.582822,
      "type": 1,
      "source": "nurse"
    },
    {
      "time": 116.319018,
      "type": 1,
      "source": "nurse"
    },
    {
      "time": 116.871166,
      "type": 2,
      "source": "nurse"
    },
    {
      "time": 117.791411,
      "type": 1,
      "source": "nurse"
    },
    {
      "time": 118.527607,
      "type": 1,
      "source": "nurse"
    },
    {
      "time": 119.079755,
      "type": 2,
      "source": "nurse"
    },
    {
      "time": 119.815951,
      "type": 2,
      "source": "nurse"
    },
    {
      "time": 120.736196,
      "type": 1,
      "source": "nurse"
    },
    {
      "time": 121.288344,
      "type": 2,
      "source": "nurse"
    },
    {
      "time": 122.208589,
      "type": 1,
      "source": "nurse"
    },
    {
      "time": 122.760736,
      "type": 2,
      "source": "nurse"
    },
    {
      "time": 123.496933,
      "type": 2,
      "source": "nurse"
    },
    {
      "time": 124.233129,
      "type": 2,
      "source": "nurse"
    },
    {
      "time": 124.969325,
      "type": 2,
      "source": "nurse"
    },
    {
      "time": 125.705521,
      "type": 2,
      "source": "nurse"
    },
    {
      "time": 126.625767,
      "type": "stop",
      "source": "nurse"
    },
    {
      "time": 136.932515,
      "type": "get",
      "source": "nurse"
    },
    {
      "time": 137.668712,
      "type": "set",
      "source": "nurse"
    },
    {
      "time": 138.404908,
      "type": "go",
      "source": "nurse"
    },
    {
      "time": 149.447853,
      "type": "stop",
      "source": "nurse"
    },
    {
      "time": 155.337423,
      "type": "get",
      "source": "nurse"
    },
    {
      "time": 155.705521,
      "type": "set",
      "source": "nurse"
    },
    {
      "time": 156.07362,
      "type": "go",
      "source": "nurse"
    },
    {
      "time": 178.159509,
      "type": "get",
      "source": "nurse"
    },
    {
      "time": 178.895706,
      "type": "set",
      "source": "nurse"
    },
    {
      "time": 179.631902,
      "type": "go",
      "source": "nurse"
    },
    {
      "time": 208.343558,
      "type": "set",
      "source": "nurse"
    },
    {
      "time": 209.079755,
      "type": "go",
      "source": "nurse"
    },
    {
      "time": 211.584098,
      "type": "set",
      "source": "nurse"
    },
    {
      "time": 212.592502,
      "type": "go",
      "source": "nurse"
    },
    {
      "time": 213.693419,
      "type": "stop",
      "source": "nurse"
    },
    {
      "time": 216.183742,
      "type": "stop",
      "source": "nurse"
    },
    {
      "time": 216.183742,
      "type": "stop",
      "source": "ian"
    },
    {
      "time": 218.119226,
      "type": "stop",
      "source": "nurse"
    },
    {
      "time": 218.119226,
      "type": "stop",
      "source": "ian"
    },
    {
      "time": 219.409548,
      "type": "stop",
      "source": "nurse"
    },
    {
      "time": 219.409548,
      "type": "stop",
      "source": "ian"
    }
  ],
  "oneshotBeats": [
    {
      "time": 26.871166,
      "skipshot": false,
      "offset": null
    },
    {
      "time": 27.607362,
      "skipshot": false,
      "offset": null
    },
    {
      "time": 28.343558,
      "skipshot": false,
      "offset": null
    },
    {
      "time": 29.079755,
      "skipshot": false,
      "offset": null
    },
    {
      "time": 29.815951,
      "skipshot": false,
      "offset": null
    },
    {
      "time": 30.552147,
      "skipshot": false,
      "offset": null
    },
    {
      "time": 31.288344,
      "skipshot": false,
      "offset": null
    },
    {
      "time": 32.02454,
      "skipshot": false,
      "offset": null
    },
    {
      "time": 32.760736,
      "skipshot": false,
      "offset": null
    },
    {
      "time": 33.496933,
      "skipshot": false,
      "offset": null
    },
    {
      "time": 34.233129,
      "skipshot": false,
      "offset": null
    },
    {
      "time": 34.969325,
      "skipshot": false,
      "offset": null
    },
    {
      "time": 35.705521,
      "skipshot": false,
      "offset": null
    },
    {
      "time": 36.441718,
      "skipshot": false,
      "offset": null
    },
    {
      "time": 37.177914,
      "skipshot": false,
      "offset": null
    },
    {
      "time": 37.91411,
      "skipshot": false,
      "offset": null
    },
    {
      "time": 37.91411,
      "skipshot": false,
      "offset": null
    },
    {
      "time": 38.650307,
      "skipshot": false,
      "offset": null
    },
    {
      "time": 39.386503,
      "skipshot": false,
      "offset": null
    },
    {
      "time": 40.122699,
      "skipshot": false,
      "offset": null
    },
    {
      "time": 40.858896,
      "skipshot": false,
      "offset": null
    },
    {
      "time": 41.595092,
      "skipshot": false,
      "offset": null
    },
    {
      "time": 42.331288,
      "skipshot": false,
      "offset": null
    },
    {
      "time": 43.067485,
      "skipshot": false,
      "offset": null
    },
    {
      "time": 43.803681,
      "skipshot": false,
      "offset": null
    },
    {
      "time": 44.539877,
      "skipshot": false,
      "offset": null
    },
    {
      "time": 45.276074,
      "skipshot": false,
      "offset": null
    },
    {
      "time": 46.01227,
      "skipshot": false,
      "offset": null
    },
    {
      "time": 46.748466,
      "skipshot": false,
      "offset": null
    },
    {
      "time": 47.484663,
      "skipshot": false,
      "offset": null
    },
    {
      "time": 48.220859,
      "skipshot": false,
      "offset": null
    },
    {
      "time": 48.957055,
      "skipshot": false,
      "offset": null
    },
    {
      "time": 49.693252,
      "skipshot": false,
      "offset": null
    },
    {
      "time": 50.797546,
      "skipshot": false,
      "offset": null
    },
    {
      "time": 51.90184,
      "skipshot": false,
      "offset": null
    },
    {
      "time": 53.006135,
      "skipshot": false,
      "offset": null
    },
    {
      "time": 54.110429,
      "skipshot": false,
      "offset": null
    },
    {
      "time": 55.214724,
      "skipshot": false,
      "offset": null
    },
    {
      "time": 56.319018,
      "skipshot": false,
      "offset": null
    },
    {
      "time": 57.423313,
      "skipshot": false,
      "offset": null
    },
    {
      "time": 58.527607,
      "skipshot": false,
      "offset": null
    },
    {
      "time": 58.527607,
      "skipshot": false,
      "offset": null
    },
    {
      "time": 59.631902,
      "skipshot": false,
      "offset": null
    },
    {
      "time": 60.736196,
      "skipshot": false,
      "offset": null
    },
    {
      "time": 61.840491,
      "skipshot": false,
      "offset": null
    },
    {
      "time": 62.944785,
      "skipshot": false,
      "offset": null
    },
    {
      "time": 64.04908,
      "skipshot": false,
      "offset": null
    },
    {
      "time": 64.04908,
      "skipshot": false,
      "offset": null
    },
    {
      "time": 65.153374,
      "skipshot": false,
      "offset": null
    },
    {
      "time": 66.257669,
      "skipshot": false,
      "offset": null
    },
    {
      "time": 66.257669,
      "skipshot": false,
      "offset": null
    },
    {
      "time": 103.435583,
      "skipshot": false,
      "offset": null
    },
    {
      "time": 104.171779,
      "skipshot": false,
      "offset": null
    },
    {
      "time": 104.907975,
      "skipshot": false,
      "offset": null
    },
    {
      "time": 105.644172,
      "skipshot": false,
      "offset": null
    },
    {
      "time": 105.828221,
      "skipshot": false,
      "offset": null
    },
    {
      "time": 106.380368,
      "skipshot": false,
      "offset": null
    },
    {
      "time": 107.116564,
      "skipshot": false,
      "offset": null
    },
    {
      "time": 107.852761,
      "skipshot": false,
      "offset": null
    },
    {
      "time": 108.03681,
      "skipshot": false,
      "offset": null
    },
    {
      "time": 108.588957,
      "skipshot": false,
      "offset": null
    },
    {
      "time": 109.325153,
      "skipshot": false,
      "offset": null
    },
    {
      "time": 110.06135,
      "skipshot": false,
      "offset": null
    },
    {
      "time": 110.797546,
      "skipshot": false,
      "offset": null
    },
    {
      "time": 111.533742,
      "skipshot": false,
      "offset": null
    },
    {
      "time": 111.717791,
      "skipshot": false,
      "offset": null
    },
    {
      "time": 112.269939,
      "skipshot": false,
      "offset": null
    },
    {
      "time": 113.006135,
      "skipshot": false,
      "offset": null
    },
    {
      "time": 113.742331,
      "skipshot": false,
      "offset": null
    },
    {
      "time": 113.92638,
      "skipshot": false,
      "offset": null
    },
    {
      "time": 114.478528,
      "skipshot": false,
      "offset": null
    },
    {
      "time": 114.662577,
      "skipshot": false,
      "offset": null
    },
    {
      "time": 115.214724,
      "skipshot": false,
      "offset": null
    },
    {
      "time": 115.95092,
      "skipshot": false,
      "offset": null
    },
    {
      "time": 116.687117,
      "skipshot": false,
      "offset": null
    },
    {
      "time": 117.423313,
      "skipshot": false,
      "offset": null
    },
    {
      "time": 117.607362,
      "skipshot": false,
      "offset": null
    },
    {
      "time": 118.159509,
      "skipshot": false,
      "offset": null
    },
    {
      "time": 118.895706,
      "skipshot": false,
      "offset": null
    },
    {
      "time": 119.631902,
      "skipshot": false,
      "offset": null
    },
    {
      "time": 119.815951,
      "skipshot": false,
      "offset": null
    },
    {
      "time": 120.368098,
      "skipshot": false,
      "offset": null
    },
    {
      "time": 120.552147,
      "skipshot": false,
      "offset": null
    },
    {
      "time": 121.104294,
      "skipshot": false,
      "offset": null
    },
    {
      "time": 121.840491,
      "skipshot": false,
      "offset": null
    },
    {
      "time": 122.02454,
      "skipshot": false,
      "offset": null
    },
    {
      "time": 122.576687,
      "skipshot": false,
      "offset": null
    },
    {
      "time": 123.312883,
      "skipshot": false,
      "offset": null
    },
    {
      "time": 123.496933,
      "skipshot": false,
      "offset": null
    },
    {
      "time": 124.04908,
      "skipshot": false,
      "offset": null
    },
    {
      "time": 124.233129,
      "skipshot": false,
      "offset": null
    },
    {
      "time": 124.785276,
      "skipshot": false,
      "offset": null
    },
    {
      "time": 124.969325,
      "skipshot": false,
      "offset": null
    },
    {
      "time": 125.521472,
      "skipshot": false,
      "offset": null
    },
    {
      "time": 125.705521,
      "skipshot": false,
      "offset": null
    },
    {
      "time": 126.257669,
      "skipshot": false,
      "offset": null
    },
    {
      "time": 126.441718,
      "skipshot": false,
      "offset": null
    },
    {
      "time": 139.141104,
      "skipshot": false,
      "offset": null
    },
    {
      "time": 139.141104,
      "skipshot": false,
      "offset": null
    },
    {
      "time": 140.613497,
      "skipshot": false,
      "offset": null
    },
    {
      "time": 140.613497,
      "skipshot": false,
      "offset": null
    },
    {
      "time": 142.08589,
      "skipshot": false,
      "offset": null
    },
    {
      "time": 142.08589,
      "skipshot": false,
      "offset": null
    },
    {
      "time": 143.558282,
      "skipshot": false,
      "offset": null
    },
    {
      "time": 143.558282,
      "skipshot": false,
      "offset": null
    },
    {
      "time": 143.558282,
      "skipshot": false,
      "offset": null
    },
    {
      "time": 145.030675,
      "skipshot": false,
      "offset": null
    },
    {
      "time": 145.030675,
      "skipshot": false,
      "offset": null
    },
    {
      "time": 146.503067,
      "skipshot": false,
      "offset": null
    },
    {
      "time": 146.503067,
      "skipshot": false,
      "offset": null
    },
    {
      "time": 146.503067,
      "skipshot": false,
      "offset": null
    },
    {
      "time": 146.503067,
      "skipshot": false,
      "offset": null
    },
    {
      "time": 147.97546,
      "skipshot": false,
      "offset": null
    },
    {
      "time": 147.97546,
      "skipshot": false,
      "offset": null
    },
    {
      "time": 149.447853,
      "skipshot": false,
      "offset": null
    },
    {
      "time": 149.447853,
      "skipshot": false,
      "offset": null
    },
    {
      "time": 149.447853,
      "skipshot": false,
      "offset": null
    },
    {
      "time": 156.441718,
      "skipshot": false,
      "offset": null
    },
    {
      "time": 157.177914,
      "skipshot": false,
      "offset": null
    },
    {
      "time": 157.91411,
      "skipshot": false,
      "offset": null
    },
    {
      "time": 158.650307,
      "skipshot": false,
      "offset": null
    },
    {
      "time": 159.386503,
      "skipshot": false,
      "offset": null
    },
    {
      "time": 160.122699,
      "skipshot": false,
      "offset": null
    },
    {
      "time": 160.858896,
      "skipshot": false,
      "offset": null
    },
    {
      "time": 161.595092,
      "skipshot": false,
      "offset": null
    },
    {
      "time": 162.331288,
      "skipshot": false,
      "offset": null
    },
    {
      "time": 163.067485,
      "skipshot": false,
      "offset": null
    },
    {
      "time": 163.803681,
      "skipshot": false,
      "offset": null
    },
    {
      "time": 164.539877,
      "skipshot": false,
      "offset": null
    },
    {
      "time": 165.276074,
      "skipshot": false,
      "offset": null
    },
    {
      "time": 166.01227,
      "skipshot": false,
      "offset": null
    },
    {
      "time": 166.748466,
      "skipshot": false,
      "offset": null
    },
    {
      "time": 167.484663,
      "skipshot": false,
      "offset": null
    },
    {
      "time": 168.220859,
      "skipshot": false,
      "offset": null
    },
    {
      "time": 168.957055,
      "skipshot": false,
      "offset": null
    },
    {
      "time": 169.693252,
      "skipshot": false,
      "offset": null
    },
    {
      "time": 170.429448,
      "skipshot": false,
      "offset": null
    },
    {
      "time": 171.165644,
      "skipshot": false,
      "offset": null
    },
    {
      "time": 171.90184,
      "skipshot": false,
      "offset": null
    },
    {
      "time": 172.638037,
      "skipshot": false,
      "offset": null
    },
    {
      "time": 173.374233,
      "skipshot": false,
      "offset": null
    },
    {
      "time": 174.110429,
      "skipshot": false,
      "offset": null
    },
    {
      "time": 174.846626,
      "skipshot": false,
      "offset": null
    },
    {
      "time": 175.582822,
      "skipshot": false,
      "offset": null
    },
    {
      "time": 176.319018,
      "skipshot": false,
      "offset": null
    },
    {
      "time": 177.055215,
      "skipshot": false,
      "offset": null
    },
    {
      "time": 177.791411,
      "skipshot": false,
      "offset": null
    },
    {
      "time": 178.527607,
      "skipshot": false,
      "offset": null
    },
    {
      "time": 179.263804,
      "skipshot": false,
      "offset": null
    },
    {
      "time": 180.368098,
      "skipshot": false,
      "offset": null
    },
    {
      "time": 181.840491,
      "skipshot": false,
      "offset": null
    },
    {
      "time": 183.312883,
      "skipshot": false,
      "offset": null
    },
    {
      "time": 184.785276,
      "skipshot": false,
      "offset": null
    },
    {
      "time": 186.257669,
      "skipshot": false,
      "offset": null
    },
    {
      "time": 187.730061,
      "skipshot": false,
      "offset": null
    },
    {
      "time": 189.202454,
      "skipshot": false,
      "offset": null
    },
    {
      "time": 190.674847,
      "skipshot": false,
      "offset": null
    },
    {
      "time": 192.147239,
      "skipshot": false,
      "offset": null
    },
    {
      "time": 193.619632,
      "skipshot": false,
      "offset": null
    },
    {
      "time": 195.092025,
      "skipshot": false,
      "offset": null
    },
    {
      "time": 196.564417,
      "skipshot": false,
      "offset": null
    },
    {
      "time": 198.03681,
      "skipshot": false,
      "offset": null
    },
    {
      "time": 199.509202,
      "skipshot": false,
      "offset": null
    },
    {
      "time": 200.981595,
      "skipshot": false,
      "offset": null
    },
    {
      "time": 202.453988,
      "skipshot": false,
      "offset": null
    },
    {
      "time": 203.92638,
      "skipshot": false,
      "offset": null
    },
    {
      "time": 205.398773,
      "skipshot": false,
      "offset": null
    },
    {
      "time": 206.871166,
      "skipshot": false,
      "offset": null
    },
    {
      "time": 208.343558,
      "skipshot": false,
      "offset": null
    },
    {
      "time": 209.815951,
      "skipshot": false,
      "offset": null
    },
    {
      "time": 211.584098,
      "skipshot": false,
      "offset": null
    },
    {
      "time": 213.693419,
      "skipshot": false,
      "offset": null
    }
  ],
  "hits": [
    7.361963,
    11.042945,
    13.98773,
    15.736196,
    17.392638,
    18.680982,
    20.245399,
    21.625767,
    23.282209,
    24.570552,
    26.134969,
    26.871166,
    27.607362,
    28.343558,
    28.711656,
    29.079755,
    29.815951,
    30.552147,
    31.288344,
    31.840491,
    32.02454,
    32.760736,
    33.496933,
    34.233129,
    34.601227,
    34.969325,
    35.705521,
    36.441718,
    36.993865,
    37.177914,
    37.91411,
    37.91411,
    38.650307,
    39.386503,
    40.122699,
    40.490798,
    40.858896,
    41.595092,
    42.331288,
    42.331288,
    43.067485,
    43.803681,
    43.803681,
    44.539877,
    45.276074,
    46.01227,
    46.564417,
    46.748466,
    47.484663,
    48.220859,
    48.957055,
    49.325153,
    49.693252,
    50.797546,
    51.90184,
    53.006135,
    53.374233,
    54.110429,
    55.214724,
    56.319018,
    57.423313,
    57.791411,
    58.527607,
    58.527607,
    59.631902,
    60.736196,
    61.840491,
    62.208589,
    62.944785,
    64.04908,
    64.04908,
    65.153374,
    65.521472,
    66.257669,
    66.257669,
    69.93865,
    72.883436,
    75.828221,
    78.220859,
    80.613497,
    81.90184,
    83.558282,
    84.846626,
    86.503067,
    87.791411,
    89.447853,
    90.736196,
    92.300613,
    93.957055,
    95.245399,
    96.809816,
    98.190184,
    99.846626,
    101.134969,
    102.699387,
    103.435583,
    104.171779,
    104.171779,
    104.907975,
    105.644172,
    105.644172,
    105.828221,
    106.380368,
    107.116564,
    107.116564,
    107.852761,
    108.03681,
    108.588957,
    108.588957,
    109.325153,
    110.06135,
    110.06135,
    110.797546,
    111.533742,
    111.533742,
    111.717791,
    112.269939,
    113.006135,
    113.006135,
    113.742331,
    113.92638,
    114.478528,
    114.478528,
    114.662577,
    115.214724,
    115.95092,
    115.95092,
    116.687117,
    117.423313,
    117.423313,
    117.607362,
    118.159509,
    118.895706,
    118.895706,
    119.631902,
    119.815951,
    120.368098,
    120.368098,
    120.552147,
    121.104294,
    121.840491,
    121.840491,
    122.02454,
    122.576687,
    123.312883,
    123.312883,
    123.496933,
    124.04908,
    124.233129,
    124.785276,
    124.785276,
    124.969325,
    125.521472,
    125.705521,
    126.257669,
    126.257669,
    126.441718,
    127.730061,
    129.202454,
    130.674847,
    133.619632,
    135.092025,
    136.564417,
    139.141104,
    139.141104,
    139.509202,
    140.613497,
    140.613497,
    140.981595,
    142.08589,
    142.08589,
    142.453988,
    143.558282,
    143.558282,
    143.558282,
    145.030675,
    145.030675,
    145.398773,
    146.503067,
    146.503067,
    146.503067,
    146.503067,
    146.871166,
    147.97546,
    147.97546,
    148.343558,
    149.447853,
    149.447853,
    149.447853,
    156.441718,
    157.177914,
    157.91411,
    158.282209,
    158.650307,
    159.386503,
    160.122699,
    160.858896,
    161.226994,
    161.595092,
    162.331288,
    163.067485,
    163.067485,
    163.803681,
    164.539877,
    164.539877,
    165.276074,
    166.01227,
    166.564417,
    166.748466,
    167.484663,
    168.220859,
    168.957055,
    168.957055,
    169.693252,
    170.245399,
    170.429448,
    171.165644,
    171.90184,
    171.90184,
    172.638037,
    173.190184,
    173.374233,
    174.110429,
    174.846626,
    174.846626,
    175.582822,
    176.134969,
    176.319018,
    177.055215,
    177.791411,
    177.791411,
    178.527607,
    179.079755,
    179.263804,
    180.368098,
    180.644172,
    181.840491,
    182.300613,
    183.312883,
    183.588957,
    184.785276,
    185.153374,
    186.257669,
    186.533742,
    187.730061,
    188.190184,
    189.202454,
    189.478528,
    190.674847,
    191.042945,
    192.147239,
    192.423313,
    193.619632,
    194.079755,
    195.092025,
    195.368098,
    196.564417,
    196.932515,
    198.03681,
    198.312883,
    199.509202,
    199.969325,
    200.981595,
    201.257669,
    202.453988,
    202.822086,
    203.92638,
    205.398773,
    206.871166,
    208.343558,
    209.815951,
    211.584098,
    213.693419
  ],
  "holds": []
}
`;
